Watching for file changes with StatReloader
Not Found: /
[19/Jun/2026 14:00:09] "GET / HTTP/1.1" 404 2625
[19/Jun/2026 14:00:09,353] - Broken pipe from ('127.0.0.1', 61783)
[19/Jun/2026 14:00:30] "GET /api/artifacts/ HTTP/1.1" 200 531
[19/Jun/2026 14:00:30] "GET /api/artifacts/ HTTP/1.1" 200 531
[19/Jun/2026 14:02:14] "GET /api/artifacts/ HTTP/1.1" 200 531
[19/Jun/2026 14:02:14] "GET /api/artifacts/ HTTP/1.1" 200 531
[19/Jun/2026 14:08:35] "GET /api/artifacts/ HTTP/1.1" 200 531
[19/Jun/2026 14:08:36] "GET /api/artifacts/ HTTP/1.1" 200 531
[19/Jun/2026 14:08:42] "GET /api/artifacts/ HTTP/1.1" 200 531
[19/Jun/2026 14:08:42] "GET /api/artifacts/ HTTP/1.1" 200 531
[19/Jun/2026 14:09:12] "GET /api/artifacts/ HTTP/1.1" 200 531
[19/Jun/2026 14:09:12] "GET /api/artifacts/ HTTP/1.1" 200 531
[19/Jun/2026 14:09:18] "GET /api/artifacts/ HTTP/1.1" 200 531
[19/Jun/2026 14:09:18] "GET /api/artifacts/ HTTP/1.1" 200 531
Not Found: /api/artifacts/101/
[19/Jun/2026 14:09:36] "GET /api/artifacts/ HTTP/1.1" 200 531
[19/Jun/2026 14:09:36] "GET /api/artifacts/101/ HTTP/1.1" 404 49
[19/Jun/2026 14:09:36] "GET /api/artifacts/ HTTP/1.1" 200 531
Not Found: /api/artifacts/101/
[19/Jun/2026 14:09:36] "GET /api/artifacts/101/ HTTP/1.1" 404 49
[19/Jun/2026 14:09:39] "GET /api/artifacts/ HTTP/1.1" 200 531
[19/Jun/2026 14:09:39] "GET /api/artifacts/ HTTP/1.1" 200 531
[19/Jun/2026 14:10:25] "GET /api/artifacts/ HTTP/1.1" 200 531
[19/Jun/2026 14:10:25] "GET /api/artifacts/ HTTP/1.1" 200 531
[19/Jun/2026 14:11:13] "GET /api/artifacts/ HTTP/1.1" 200 531
[19/Jun/2026 14:11:13] "GET /api/artifacts/ HTTP/1.1" 200 531
[19/Jun/2026 14:11:26] "GET /api/artifacts/ HTTP/1.1" 200 531
[19/Jun/2026 14:11:26] "GET /api/artifacts/ HTTP/1.1" 200 531
[19/Jun/2026 14:11:30] "GET /api/artifacts/ HTTP/1.1" 200 531
[19/Jun/2026 14:11:30] "GET /api/artifacts/ HTTP/1.1" 200 531
[19/Jun/2026 14:12:00] "GET /api/artifacts/ HTTP/1.1" 200 531
[19/Jun/2026 14:12:00] "GET /api/artifacts/ HTTP/1.1" 200 531
[19/Jun/2026 14:12:22] "GET /api/artifacts/ HTTP/1.1" 200 531
[19/Jun/2026 14:12:22] "GET /api/artifacts/ HTTP/1.1" 200 531
[19/Jun/2026 14:12:24] "GET /api/artifacts/ HTTP/1.1" 200 531
[19/Jun/2026 14:12:24] "GET /api/artifacts/ HTTP/1.1" 200 531
[19/Jun/2026 14:12:25] "GET /api/artifacts/ HTTP/1.1" 200 531
[19/Jun/2026 14:12:25] "GET /api/artifacts/ HTTP/1.1" 200 531
[19/Jun/2026 14:12:26] "GET /api/artifacts/ HTTP/1.1" 200 531
[19/Jun/2026 14:12:26] "GET /api/artifacts/ HTTP/1.1" 200 531
[19/Jun/2026 14:14:22] "GET /api/artifacts/ HTTP/1.1" 200 531
[19/Jun/2026 14:14:22] "GET /api/artifacts/ HTTP/1.1" 200 531
Not Found: /api/artifacts/101/
[19/Jun/2026 14:15:02] "GET /api/artifacts/ HTTP/1.1" 200 531
[19/Jun/2026 14:15:02] "GET /api/artifacts/101/ HTTP/1.1" 404 49
Not Found: /api/artifacts/101/
[19/Jun/2026 14:15:02] "GET /api/artifacts/ HTTP/1.1" 200 531
[19/Jun/2026 14:15:02] "GET /api/artifacts/101/ HTTP/1.1" 404 49
[19/Jun/2026 14:15:06] "GET /api/artifacts/ HTTP/1.1" 200 531
[19/Jun/2026 14:15:06] "GET /api/artifacts/ HTTP/1.1" 200 531
[19/Jun/2026 14:16:06] "GET /api/artifacts/ HTTP/1.1" 200 531
[19/Jun/2026 14:16:06] "GET /api/artifacts/ HTTP/1.1" 200 531
[19/Jun/2026 14:16:42] "GET /api/artifacts/ HTTP/1.1" 200 531
[19/Jun/2026 14:16:42] "GET /api/artifacts/ HTTP/1.1" 200 531
[19/Jun/2026 14:20:12] "GET /api/artifacts/ HTTP/1.1" 200 531
[19/Jun/2026 14:20:12] "GET /api/artifacts/ HTTP/1.1" 200 531
[19/Jun/2026 14:20:30] "GET /api/artifacts/ HTTP/1.1" 200 531
[19/Jun/2026 14:20:30] "GET /api/artifacts/ HTTP/1.1" 200 531
[19/Jun/2026 14:20:31] "GET /api/artifacts/ HTTP/1.1" 200 531
[19/Jun/2026 14:20:31] "GET /api/artifacts/ HTTP/1.1" 200 531
[19/Jun/2026 14:20:33] "GET /api/artifacts/ HTTP/1.1" 200 531
[19/Jun/2026 14:20:33] "GET /api/artifacts/ HTTP/1.1" 200 531
Not Found: /api/artifacts/101/
[19/Jun/2026 14:20:54] "GET /api/artifacts/101/ HTTP/1.1" 404 49
[19/Jun/2026 14:20:54] "GET /api/artifacts/ HTTP/1.1" 200 531
Not Found: /api/artifacts/101/
[19/Jun/2026 14:20:54] "GET /api/artifacts/101/ HTTP/1.1" 404 49
[19/Jun/2026 14:20:54] "GET /api/artifacts/ HTTP/1.1" 200 531
[19/Jun/2026 14:21:02] "GET /api/artifacts/ HTTP/1.1" 200 531
[19/Jun/2026 14:21:02] "GET /api/artifacts/ HTTP/1.1" 200 531
[19/Jun/2026 14:21:23] "GET /api/artifacts/ HTTP/1.1" 200 531
[19/Jun/2026 14:21:23] "GET /api/artifacts/ HTTP/1.1" 200 531
[19/Jun/2026 14:21:24] "GET /api/artifacts/ HTTP/1.1" 200 531
[19/Jun/2026 14:21:24] "GET /api/artifacts/ HTTP/1.1" 200 531
[19/Jun/2026 14:22:14] "GET /api/artifacts/ HTTP/1.1" 200 531
[19/Jun/2026 14:22:14] "GET /api/artifacts/ HTTP/1.1" 200 531
[19/Jun/2026 14:22:19] "GET /api/artifacts/ HTTP/1.1" 200 531
[19/Jun/2026 14:22:19] "GET /api/artifacts/ HTTP/1.1" 200 531
[19/Jun/2026 14:22:22] "GET /api/artifacts/ HTTP/1.1" 200 531
[19/Jun/2026 14:22:22] "GET /api/artifacts/ HTTP/1.1" 200 531
[19/Jun/2026 14:22:24] "GET /api/artifacts/ HTTP/1.1" 200 531
[19/Jun/2026 14:22:24] "GET /api/artifacts/ HTTP/1.1" 200 531
[19/Jun/2026 14:22:26] "GET /api/artifacts/ HTTP/1.1" 200 531
[19/Jun/2026 14:22:26] "GET /api/artifacts/ HTTP/1.1" 200 531
[19/Jun/2026 14:22:31] "GET /api/artifacts/ HTTP/1.1" 200 531
[19/Jun/2026 14:22:31] "GET /api/artifacts/ HTTP/1.1" 200 531
[19/Jun/2026 14:22:33] "GET /api/artifacts/ HTTP/1.1" 200 531
[19/Jun/2026 14:22:33] "GET /api/artifacts/ HTTP/1.1" 200 531
[19/Jun/2026 14:22:40] "GET /api/artifacts/ HTTP/1.1" 200 531
[19/Jun/2026 14:22:40] "GET /api/artifacts/ HTTP/1.1" 200 531
[19/Jun/2026 14:22:45] "GET /api/artifacts/ HTTP/1.1" 200 531
[19/Jun/2026 14:22:45] "GET /api/artifacts/ HTTP/1.1" 200 531
[19/Jun/2026 14:22:48] "GET /api/artifacts/ HTTP/1.1" 200 531
[19/Jun/2026 14:22:48] "GET /api/artifacts/ HTTP/1.1" 200 531
[19/Jun/2026 14:23:32] "GET /api/artifacts/ HTTP/1.1" 200 531
[19/Jun/2026 14:23:32] "GET /api/artifacts/ HTTP/1.1" 200 531
[19/Jun/2026 14:24:20] "GET /api/artifacts/ HTTP/1.1" 200 531
[19/Jun/2026 14:24:20] "GET /api/artifacts/ HTTP/1.1" 200 531
[19/Jun/2026 14:24:23] "GET /api/artifacts/ HTTP/1.1" 200 531
[19/Jun/2026 14:24:23] "GET /api/artifacts/ HTTP/1.1" 200 531
[19/Jun/2026 14:25:50] "GET /api/artifacts/ HTTP/1.1" 200 531
[19/Jun/2026 14:25:50] "GET /api/artifacts/ HTTP/1.1" 200 531
[19/Jun/2026 14:25:51] "GET /api/artifacts/ HTTP/1.1" 200 531
[19/Jun/2026 14:25:51] "GET /api/artifacts/ HTTP/1.1" 200 531
[19/Jun/2026 14:25:52] "GET /api/artifacts/ HTTP/1.1" 200 531
[19/Jun/2026 14:25:52] "GET /api/artifacts/ HTTP/1.1" 200 531
[19/Jun/2026 14:25:52] "GET /api/artifacts/ HTTP/1.1" 200 531
[19/Jun/2026 14:25:52] "GET /api/artifacts/ HTTP/1.1" 200 531
[19/Jun/2026 14:25:53] "GET /api/artifacts/ HTTP/1.1" 200 531
[19/Jun/2026 14:25:53] "GET /api/artifacts/ HTTP/1.1" 200 531
[19/Jun/2026 14:25:53] "GET /api/artifacts/ HTTP/1.1" 200 531
[19/Jun/2026 14:25:53] "GET /api/artifacts/ HTTP/1.1" 200 531
[19/Jun/2026 14:25:54] "GET /api/artifacts/ HTTP/1.1" 200 531
[19/Jun/2026 14:25:54] "GET /api/artifacts/ HTTP/1.1" 200 531
[19/Jun/2026 14:25:54] "GET /api/artifacts/ HTTP/1.1" 200 531
[19/Jun/2026 14:25:54] "GET /api/artifacts/ HTTP/1.1" 200 531
[19/Jun/2026 14:25:55] "GET /api/artifacts/ HTTP/1.1" 200 531
[19/Jun/2026 14:25:55] "GET /api/artifacts/ HTTP/1.1" 200 531
[19/Jun/2026 14:34:16] "GET /api/artifacts/ HTTP/1.1" 200 531
[19/Jun/2026 14:34:16] "GET /api/artifacts/ HTTP/1.1" 200 531
[19/Jun/2026 14:34:18] "GET /api/artifacts/ HTTP/1.1" 200 531
[19/Jun/2026 14:34:18] "GET /api/artifacts/ HTTP/1.1" 200 531
Not Found: /api/artifacts/101/
[19/Jun/2026 14:37:02] "GET /api/artifacts/101/ HTTP/1.1" 404 49
[19/Jun/2026 14:37:02] "GET /api/artifacts/ HTTP/1.1" 200 531
Not Found: /api/artifacts/101/
[19/Jun/2026 14:37:02] "GET /api/artifacts/101/ HTTP/1.1" 404 49
[19/Jun/2026 14:37:02] "GET /api/artifacts/ HTTP/1.1" 200 531
[19/Jun/2026 14:37:04] "GET /api/artifacts/ HTTP/1.1" 200 531
[19/Jun/2026 14:37:04] "GET /api/artifacts/ HTTP/1.1" 200 531
[19/Jun/2026 14:37:32] "GET /api/artifacts/ HTTP/1.1" 200 531
[19/Jun/2026 14:37:32] "GET /api/artifacts/ HTTP/1.1" 200 531
[19/Jun/2026 14:37:34] "GET /api/artifacts/ HTTP/1.1" 200 531
[19/Jun/2026 14:37:34] "GET /api/artifacts/ HTTP/1.1" 200 531
[19/Jun/2026 14:37:34] "GET /api/artifacts/ HTTP/1.1" 200 531
[19/Jun/2026 14:37:34] "GET /api/artifacts/ HTTP/1.1" 200 531
[19/Jun/2026 14:37:34] "GET /api/artifacts/ HTTP/1.1" 200 531
[19/Jun/2026 14:37:34] "GET /api/artifacts/ HTTP/1.1" 200 531
[19/Jun/2026 14:37:34] "GET /api/artifacts/ HTTP/1.1" 200 531
[19/Jun/2026 14:37:34] "GET /api/artifacts/ HTTP/1.1" 200 531
[19/Jun/2026 14:37:35] "GET /api/artifacts/ HTTP/1.1" 200 531
[19/Jun/2026 14:37:35] "GET /api/artifacts/ HTTP/1.1" 200 531
[19/Jun/2026 14:37:35] "GET /api/artifacts/ HTTP/1.1" 200 531
[19/Jun/2026 14:37:35] "GET /api/artifacts/ HTTP/1.1" 200 531
[19/Jun/2026 14:38:52] "GET /api/artifacts/ HTTP/1.1" 200 531
[19/Jun/2026 14:38:52] "GET /api/artifacts/ HTTP/1.1" 200 531
Not Found: /api/artifacts/101/
[19/Jun/2026 14:48:11] "GET /api/artifacts/101/ HTTP/1.1" 404 49
[19/Jun/2026 14:48:11] "GET /api/artifacts/ HTTP/1.1" 200 531
Not Found: /api/artifacts/101/
[19/Jun/2026 14:48:11] "GET /api/artifacts/101/ HTTP/1.1" 404 49
[19/Jun/2026 14:48:11] "GET /api/artifacts/ HTTP/1.1" 200 531
[19/Jun/2026 14:48:15] "GET /api/artifacts/ HTTP/1.1" 200 531
[19/Jun/2026 14:48:15] "GET /api/artifacts/ HTTP/1.1" 200 531
[19/Jun/2026 14:49:42] "GET /api/artifacts/ HTTP/1.1" 200 531
[19/Jun/2026 14:49:42] "GET /api/artifacts/ HTTP/1.1" 200 531
[19/Jun/2026 14:49:44] "GET /api/artifacts/ HTTP/1.1" 200 531
[19/Jun/2026 14:49:44] "GET /api/artifacts/ HTTP/1.1" 200 531
Not Found: /api/artifacts/101/
[19/Jun/2026 14:49:51] "GET /api/artifacts/ HTTP/1.1" 200 531
[19/Jun/2026 14:49:51] "GET /api/artifacts/101/ HTTP/1.1" 404 49
Not Found: /api/artifacts/101/
[19/Jun/2026 14:49:51] "GET /api/artifacts/101/ HTTP/1.1" 404 49
[19/Jun/2026 14:49:51] "GET /api/artifacts/ HTTP/1.1" 200 531
[19/Jun/2026 14:49:52] "GET /api/artifacts/ HTTP/1.1" 200 531
[19/Jun/2026 14:49:52] "GET /api/artifacts/ HTTP/1.1" 200 531
Not Found: /api/artifacts/101/
[19/Jun/2026 14:53:27] "GET /api/artifacts/ HTTP/1.1" 200 531
[19/Jun/2026 14:53:27] "GET /api/artifacts/101/ HTTP/1.1" 404 49
[19/Jun/2026 14:53:27] "GET /api/artifacts/ HTTP/1.1" 200 531
Not Found: /api/artifacts/101/
[19/Jun/2026 14:53:27] "GET /api/artifacts/101/ HTTP/1.1" 404 49
[19/Jun/2026 14:53:28] "GET /api/artifacts/ HTTP/1.1" 200 531
[19/Jun/2026 14:53:28] "GET /api/artifacts/ HTTP/1.1" 200 531
[19/Jun/2026 14:59:57] "GET /api/artifacts/ HTTP/1.1" 200 531
[19/Jun/2026 14:59:57] "GET /api/artifacts/ HTTP/1.1" 200 531
[19/Jun/2026 15:01:36] "GET /api/artifacts/ HTTP/1.1" 200 531
[19/Jun/2026 15:01:36] "GET /api/artifacts/ HTTP/1.1" 200 531
Not Found: /api/artifacts/103/
[19/Jun/2026 15:07:21] "GET /api/artifacts/ HTTP/1.1" 200 531
[19/Jun/2026 15:07:21] "GET /api/artifacts/103/ HTTP/1.1" 404 49
Not Found: /api/artifacts/103/
[19/Jun/2026 15:07:21] "GET /api/artifacts/103/ HTTP/1.1" 404 49
[19/Jun/2026 15:07:21] "GET /api/artifacts/ HTTP/1.1" 200 531
[19/Jun/2026 15:07:23] "GET /api/artifacts/ HTTP/1.1" 200 531
[19/Jun/2026 15:07:23] "GET /api/artifacts/ HTTP/1.1" 200 531
